[Bootstrap]
SetupTitle=Install
SetupText=Copying Files, please stand by.
CabFile=FriendlyEmiddleware.CAB
Spawn=Setup1.exe
Uninstal=st6unst.exe
TmpDir=msftqws.pdw
Cabs=1

[Bootstrap Files]
File1=@VB6STKIT.DLL,$(WinSysPathSysFile),,,3/26/99 12:00:00 AM,101888,6.0.84.50
File2=@COMCAT.DLL,$(WinSysPathSysFile),$(DLLSelfRegister),,5/31/98 12:00:00 AM,22288,4.71.1460.1
File3=@STDOLE2.TLB,$(WinSysPathSysFile),$(TLBRegister),,6/3/99 12:00:00 AM,17920,2.40.4275.1
File4=@ASYCFILT.DLL,$(WinSysPathSysFile),,,3/8/99 12:00:00 AM,147728,2.40.4275.1
File5=@OLEPRO32.DLL,$(WinSysPathSysFile),$(DLLSelfRegister),,3/8/99 12:00:00 AM,164112,5.0.4275.1
File6=@OLEAUT32.DLL,$(WinSysPathSysFile),$(DLLSelfRegister),,4/12/00 12:00:00 AM,598288,2.40.4275.1
File7=@MSVBVM60.DLL,$(WinSysPathSysFile),$(DLLSelfRegister),,8/21/00 12:00:00 AM,1388544,6.0.89.64

[Setup]
Title=FriendlyEmiddleware
DefaultDir=$(ProgramFiles)\FriendlyEmiddleware
AppExe=FriendlyEmiddleware.dll
AppToUninstall=FriendlyEmiddleware.dll

[Setup1 Files]
File1=@hh.exe,$(WinSysPath),,$(Shared),11/26/02 2:23:36 PM,10752,5.2.3644.0
File2=@itircl.dll,$(WinSysPath),$(DLLSelfRegister),$(Shared),9/11/02 12:27:56 PM,143872,5.2.3644.0
File3=@itss.dll,$(WinSysPath),$(DLLSelfRegister),$(Shared),9/11/02 12:27:56 PM,122368,5.2.3644.0
File4=@hhctrl.ocx,$(WinSysPath),$(DLLSelfRegister),$(Shared),12/31/02 12:27:58 PM,516200,5.2.3735.1
File5=@Document.chm,$(AppPath)\Manual,,,9/8/03 6:38:46 PM,111408,0.0.0.0
File6=@TstCSTA_ASN1.exe,$(AppPath)\Samples\Emulador,,,11/8/02 2:30:32 PM,1231872,0.0.0.0
File7=@TableWasChanged.ini,$(AppPath)\Samples\Emulador,,,6/6/03 9:39:12 AM,15303,0.0.0.0
File8=@IvrCSTA.dll,$(AppPath)\Samples\Emulador,,,9/11/02 11:44:18 AM,151552,0.0.0.0
File9=@EventType.txt,$(AppPath)\Samples\Emulador,,,6/2/02 2:30:32 AM,883,0.0.0.0
File10=@Default.ini,$(AppPath)\Samples\Emulador,,,10/10/02 7:30:00 PM,6492,0.0.0.0
File11=@DataType.txt,$(AppPath)\Samples\Emulador,,,10/3/02 7:26:42 PM,1395,0.0.0.0
File12=@CommandType.txt,$(AppPath)\Samples\Emulador,,,7/18/02 6:09:48 PM,439,0.0.0.0
File13=@Module1.bas,$(AppPath)\Samples\VB,,,8/21/03 3:49:40 PM,3902,0.0.0.0
File14=@TesteFriendlyEMiddleware.vbp,$(AppPath)\Samples\VB,,,9/8/03 4:30:06 PM,981,1.0.0.0
File15=@TesteFriendlyEMiddleware.exe,$(AppPath)\Samples\VB,,,9/8/03 4:30:12 PM,77824,1.0.0.0
File16=@TesteFriendlyEMiddleware.vbw,$(AppPath)\Samples\VB,,,9/8/03 4:30:16 PM,473,0.0.0.0
File17=@Form4.frx,$(AppPath)\Samples\VB,,,8/22/03 3:15:32 PM,87,0.0.0.0
File18=@Form8.frm,$(AppPath)\Samples\VB,,,8/21/03 3:49:40 PM,3198,0.0.0.0
File19=@Form7.frm,$(AppPath)\Samples\VB,,,9/8/03 4:30:06 PM,1683,0.0.0.0
File20=@Form6.frm,$(AppPath)\Samples\VB,,,8/21/03 6:47:56 PM,1264,0.0.0.0
File21=@Form5.frm,$(AppPath)\Samples\VB,,,8/21/03 3:49:40 PM,2171,0.0.0.0
File22=@Form8.frx,$(AppPath)\Samples\VB,,,8/21/03 3:49:40 PM,56,0.0.0.0
File23=@Form1.frm,$(AppPath)\Samples\VB,,,9/8/03 4:30:06 PM,11705,0.0.0.0
File24=@Form3.frm,$(AppPath)\Samples\VB,,,8/21/03 6:47:18 PM,3514,0.0.0.0
File25=@Form2.frm,$(AppPath)\Samples\VB,,,8/21/03 3:49:42 PM,5228,0.0.0.0
File26=@Form4.frm,$(AppPath)\Samples\VB,,,8/22/03 3:15:32 PM,2602,0.0.0.0
File27=@TstDelphi.cfg,$(AppPath)\Samples\Delphi,,,7/3/03 9:37:38 PM,386,0.0.0.0
File28=@UFrmPrinci.dfm,$(AppPath)\Samples\Delphi,,,9/8/03 4:21:00 PM,11299,0.0.0.0
File29=@UFraCommands.pas,$(AppPath)\Samples\Delphi,,,9/8/03 4:22:12 PM,8041,0.0.0.0
File30=@UFraCommands.dfm,$(AppPath)\Samples\Delphi,,,4/3/03 3:29:14 PM,5095,0.0.0.0
File31=@UCallProperty.pas,$(AppPath)\Samples\Delphi,,,10/11/02 7:18:26 PM,2179,0.0.0.0
File32=@TstDelphi_TLB.pas,$(AppPath)\Samples\Delphi,,,6/11/03 5:12:48 PM,12750,0.0.0.0
File33=@TstDelphi.tlb,$(WinSysPath)\Samples\Delphi,$(TLBRegister),$(Shared),10/11/02 6:56:56 PM,2072,0.0.0.0
File34=@TstDelphi.res,$(AppPath)\Samples\Delphi,,,7/3/03 9:36:34 PM,1608,0.0.0.0
File35=@TstDelphi.exe,$(AppPath)\Samples\Delphi,,,9/8/03 4:22:18 PM,562688,1.0.0.0
File36=@TstDelphi.dsk,$(AppPath)\Samples\Delphi,,,7/3/03 10:03:48 PM,5270,0.0.0.0
File37=@TstDelphi.dpr,$(AppPath)\Samples\Delphi,,,11/21/02 12:39:48 PM,512,0.0.0.0
File38=@TstDelphi.dof,$(AppPath)\Samples\Delphi,,,7/3/03 9:37:38 PM,1317,0.0.0.0
File39=@UFrmPrinci.pas,$(AppPath)\Samples\Delphi,,,9/8/03 4:21:00 PM,17925,0.0.0.0
File40=@FMIntType.cfg,$(AppPath),,,3/14/03 11:48:10 AM,57,0.0.0.0
File41=@MSWINSCK.OCX,$(WinSysPath),$(DLLSelfRegister),$(Shared),12/6/00 12:00:00 AM,109248,6.0.89.88
File42=@FriendlyEmiddleware.dll,$(AppPath),$(DLLSelfRegister),,9/8/03 3:21:50 PM,770048,4.0.0.0

; The following lines may be deleted in order to obtain extra 
; space for customizing this file on a full installation diskette.
; 
; XXXXXXXXXXXXXXXXXXXXXXXXXXXXXXXXXXXXXXXXXXXXXXXXXXXXXXXXXXXX
; XXXXXXXXXXXXXXXXXXXXXXXXXXXXXXXXXXXXXXXXXXXXXXXXXXXXXXXXXXXX
; XXXXXXXXXXXXXXXXXXXXXXXXXXXXXXXXXXXXXXXXXXXXXXXXXXXXXXXXXXXX
; XXXXXXXXXXXXXXXXXXXXXXXXXXXXXXXXXXXXXXXXXXXXXXXXXXXXXXXXXXXX
; XXXXXXXXXXXXXXXXXXXXXXXXXXXXXXXXXXXXXXXXXXXXXXXXXXXXXXXXXXXX
; XXXXXXXXXXXXXXXXXXXXXXXXXXXXXXXXXXXXXXXXXXXXXXXXXXXXXXXXXXXX
; XXXXXXXXXXXXXXXXXXXXXXXXXXXXXXXXXXXXXXXXXXXXXXXXXXXXXXXXXXXX
; XXXXXXXXXXXXXXXXXXXXXXXXXXXXXXXXXXXXXXXXXXXXXXXXXXXXXXXXXXXX
; XXXXXXXXXXXXXXXXXXXXXXXXXXXXXXXXXXXXXXXXXXXXXXXXXXXXXXXXXXXX
; XXXXXXXXXXXXXXXXXXXXXXXXXXXXXXXXXXXXXXXXXXXXXXXXXXXXXXXXXXXX
; XXXXXXXXXXXXXXXXXXXXXXXXXXXXXXXXXXXXXXXXXXXXXXXXXXXXXXXXXXXX
; XXXXXXXXXXXXXXXXXXXXXXXXXXXXXXXXXXXXXXXXXXXXXXXXXXXXXXXXXXXX
; XXXXXXXXXXXXXXXXXXXXXXXXXXXXXXXXXXXXXXXXXXXXXXXXXXXXXXXXXXXX
; XXXXXXXXXXXXXXXXXXXXXXXXXXXXXXXXXXXXXXXXXXXXXXXXXXXXXXXXXXXX
; XXXXXXXXXXXXXXXXXXXXXXXXXXXXXXXXXXXXXXXXXXXXXXXXXXXXXXXXXXXX
; XXXXXXXXXXXXXXXXXXXXXXXXXXXXXXXXXXXXXXXXXXXXXXXXXXXXXXXXXXXX
; XXXXXXXXXXXXXXXXXXXXXXXXXXXXXXXXXXXXXXXXXXXXXXXXXXXXXXXXXXXX
; XXXXXXXXXXXXXXXXXXXXXXXXXXXXXXXXXXXXXXXXXXXXXXXXXXXXXXXXXXXX
; XXXXXXXXXXXXXXXXXXXXXXXXXXXXXXXXXXXXXXXXXXXXXXXXXXXXXXXXXXXX
; XXXXXXXXXXXXXXXXXXXXXXXXXXXXXXXXXXXXXXXXXXXXXXXXXXXXXXXXXXXX
; XXXXXXXXXXXXXXXXXXXXXXXXXXXXXXXXXXXXXXXXXXXXXXXXXXXXXXXXXXXX
; XXXXXXXXXXXXXXXXXXXXXXXXXXXXXXXXXXXXXXXXXXXXXXXXXXXXXXXXXXXX
; XXXXXXXXXXXXXXXXXXXXXXXXXXXXXXXXXXXXXXXXXXXXXXXXXXXXXXXXXXXX
; XXXXXXXXXXXXXXXXXXXXXXXXXXXXXXXXXXXXXXXXXXXXXXXXXXXXXXXXXXXX
; XXXXXXXXXXXXXXXXXXXXXXXXXXXXXXXXXXXXXXXXXXXXXXXXXXXXXXXXXXXX
; XXXXXXXXXXXXXXXXXXXXXXXXXXXXXXXXXXXXXXXXXXXXXXXXXXXXXXXXXXXX
; XXXXXXXXXXXXXXXXXXXXXXXXXXXXXXXXXXXXXXXXXXXXXXXXXXXXXXXXXXXX
; XXXXXXXXXXXXXXXXXXXXXXXXXXXXXXXXXXXXXXXXXXXXXXXXXXXXXXXXXXXX
; XXXXXXXXXXXXXXXXXXXXXXXXXXXXXXXXXXXXXXXXXXXXXXXXXXXXXXXXXXXX
; XXXXXXXXXXXXXXXXXXXXXXXXXXXXXXXXXXXXXXXXXXXXXXXXXXXXXXXXXXXX
; XXXXXXXXXXXXXXXXXXXXXXXXXXXXXXXXXXXXXXXXXXXXXXXXXXXXXXXXXXXX
; XXXXXXXXXXXXXXXXXXXXXXXXXXXXXXXXXXXXXXXXXXXXXXXXXXXXXXXXXXXX
; XXXXXXXXXXXXXXXXXXXXXXXXXXXXXXXXXXXXXXXXXXXXXXXXXXXXXXXXXXXX
; XXXXXXXXXXXXXXXXXXXXXXXXXXXXXXXXXXXXXXXXXXXXXXXXXXXXXXXXXXXX
; XXXXXXXXXXXXXXXXXXXXXXXXXXXXXXXXXXXXXXXXXXXXXXXXXXXXXXXXXXXX
